// Jest Snapshot v1, https://goo.gl/fbAQLP

exports[`<Showcase /> should render the heading 1`] = `
<main
  class=""
>
  <h1>
    Showcase
  </h1>
</main>
`;
